2026-05-05 21:15:24,057 [INFO] kafka.conn: <BrokerConnection client_id=kafka-python-producer-1, node_id=bootstrap-0 host=localhost:9092 <connecting> [IPv6 ('::1', 9092, 0, 0)]>: connecting to localhost:9092 [('::1', 9092, 0, 0) IPv6]
2026-05-05 21:15:24,063 [INFO] kafka.conn: <BrokerConnection client_id=kafka-python-producer-1, node_id=bootstrap-0 host=localhost:9092 <checking_api_versions_recv> [IPv6 ('::1', 9092, 0, 0)]>: Broker version identified as 2.6
2026-05-05 21:15:24,063 [INFO] kafka.conn: <BrokerConnection client_id=kafka-python-producer-1, node_id=bootstrap-0 host=localhost:9092 <connected> [IPv6 ('::1', 9092, 0, 0)]>: Connection complete.
2026-05-05 21:15:24,064 [INFO] gtfs_producer: GTFS producer starting; bootstrap=localhost:9092 feeds=8 interval=15s
2026-05-05 21:15:24,354 [INFO] kafka.conn: <BrokerConnection client_id=kafka-python-producer-1, node_id=1 host=localhost:9092 <connecting> [IPv6 ('::1', 9092, 0, 0)]>: connecting to localhost:9092 [('::1', 9092, 0, 0) IPv6]
2026-05-05 21:15:24,354 [INFO] kafka.conn: <BrokerConnection client_id=kafka-python-producer-1, node_id=1 host=localhost:9092 <connected> [IPv6 ('::1', 9092, 0, 0)]>: Connection complete.
2026-05-05 21:15:24,354 [INFO] kafka.conn: <BrokerConnection client_id=kafka-python-producer-1, node_id=bootstrap-0 host=localhost:9092 <connected> [IPv6 ('::1', 9092, 0, 0)]>: Closing connection. 
2026-05-05 21:15:26,083 [INFO] gtfs_producer: cycle complete in 2.0s | vehicle=515 trips=599 alerts=1 dlq=0
2026-05-05 21:15:41,263 [INFO] gtfs_producer: cycle complete in 1.9s | vehicle=515 trips=599 alerts=1 dlq=0
2026-05-05 21:15:56,278 [INFO] gtfs_producer: cycle complete in 1.6s | vehicle=515 trips=599 alerts=1 dlq=0
2026-05-05 21:16:11,403 [INFO] gtfs_producer: cycle complete in 1.4s | vehicle=515 trips=607 alerts=1 dlq=0
2026-05-05 21:16:26,804 [INFO] gtfs_producer: cycle complete in 1.5s | vehicle=514 trips=606 alerts=1 dlq=0
2026-05-05 21:16:42,346 [INFO] gtfs_producer: cycle complete in 1.7s | vehicle=517 trips=608 alerts=1 dlq=0
2026-05-05 21:16:57,504 [INFO] gtfs_producer: cycle complete in 1.5s | vehicle=516 trips=607 alerts=1 dlq=0
2026-05-05 21:17:15,210 [INFO] gtfs_producer: cycle complete in 3.8s | vehicle=520 trips=609 alerts=1 dlq=0
2026-05-05 21:17:28,922 [INFO] gtfs_producer: cycle complete in 2.3s | vehicle=518 trips=607 alerts=1 dlq=0
2026-05-05 21:17:43,863 [INFO] gtfs_producer: cycle complete in 1.7s | vehicle=518 trips=607 alerts=1 dlq=0
2026-05-05 21:17:59,186 [INFO] gtfs_producer: cycle complete in 1.7s | vehicle=516 trips=605 alerts=1 dlq=0
2026-05-05 21:18:14,446 [INFO] gtfs_producer: cycle complete in 1.5s | vehicle=515 trips=604 alerts=1 dlq=0
2026-05-05 21:18:30,031 [INFO] gtfs_producer: cycle complete in 1.8s | vehicle=513 trips=602 alerts=1 dlq=0
2026-05-05 21:18:45,167 [INFO] gtfs_producer: cycle complete in 1.6s | vehicle=513 trips=601 alerts=1 dlq=0
2026-05-05 21:19:00,912 [INFO] gtfs_producer: cycle complete in 2.0s | vehicle=512 trips=600 alerts=1 dlq=0
2026-05-05 21:19:15,826 [INFO] gtfs_producer: cycle complete in 1.6s | vehicle=512 trips=599 alerts=1 dlq=0
2026-05-05 21:19:34,162 [INFO] gtfs_producer: cycle complete in 4.7s | vehicle=512 trips=597 alerts=1 dlq=0
2026-05-05 21:19:46,404 [INFO] gtfs_producer: cycle complete in 1.6s | vehicle=513 trips=598 alerts=1 dlq=0
2026-05-05 21:20:02,600 [INFO] gtfs_producer: cycle complete in 2.6s | vehicle=512 trips=596 alerts=1 dlq=0
2026-05-05 21:20:16,873 [INFO] gtfs_producer: cycle complete in 1.5s | vehicle=512 trips=595 alerts=1 dlq=0
2026-05-05 21:20:33,079 [INFO] gtfs_producer: cycle complete in 2.4s | vehicle=512 trips=594 alerts=1 dlq=0
2026-05-05 21:20:47,441 [INFO] gtfs_producer: cycle complete in 1.5s | vehicle=509 trips=592 alerts=1 dlq=0
2026-05-05 21:21:02,934 [INFO] gtfs_producer: cycle complete in 1.6s | vehicle=509 trips=594 alerts=1 dlq=0
2026-05-05 21:21:18,196 [INFO] gtfs_producer: cycle complete in 1.6s | vehicle=509 trips=605 alerts=1 dlq=0
2026-05-05 21:21:34,035 [INFO] gtfs_producer: cycle complete in 2.0s | vehicle=508 trips=603 alerts=1 dlq=0
2026-05-05 21:21:49,835 [INFO] gtfs_producer: cycle complete in 2.5s | vehicle=507 trips=603 alerts=1 dlq=0
2026-05-05 21:22:04,285 [INFO] gtfs_producer: cycle complete in 1.7s | vehicle=504 trips=600 alerts=1 dlq=0
2026-05-05 21:22:19,575 [INFO] gtfs_producer: cycle complete in 1.8s | vehicle=507 trips=603 alerts=1 dlq=0
2026-05-05 21:22:34,622 [INFO] gtfs_producer: cycle complete in 1.5s | vehicle=504 trips=600 alerts=1 dlq=0
2026-05-05 21:22:49,889 [INFO] gtfs_producer: cycle complete in 1.5s | vehicle=505 trips=599 alerts=1 dlq=0
2026-05-05 21:23:06,015 [INFO] gtfs_producer: cycle complete in 2.3s | vehicle=505 trips=599 alerts=1 dlq=0
2026-05-05 21:23:20,685 [INFO] gtfs_producer: cycle complete in 1.6s | vehicle=511 trips=603 alerts=1 dlq=0
2026-05-05 21:23:36,237 [INFO] gtfs_producer: cycle complete in 1.8s | vehicle=512 trips=603 alerts=1 dlq=0
2026-05-05 21:23:51,809 [INFO] gtfs_producer: cycle complete in 2.1s | vehicle=517 trips=603 alerts=1 dlq=0
2026-05-05 21:24:06,888 [INFO] gtfs_producer: cycle complete in 1.8s | vehicle=516 trips=602 alerts=1 dlq=0
2026-05-05 21:24:21,844 [INFO] gtfs_producer: cycle complete in 1.4s | vehicle=515 trips=600 alerts=1 dlq=0
2026-05-05 21:24:37,257 [INFO] gtfs_producer: cycle complete in 1.5s | vehicle=515 trips=599 alerts=1 dlq=0
2026-05-05 21:24:52,532 [INFO] gtfs_producer: cycle complete in 1.5s | vehicle=512 trips=593 alerts=1 dlq=0
2026-05-05 21:25:07,959 [INFO] gtfs_producer: cycle complete in 1.6s | vehicle=512 trips=597 alerts=1 dlq=0
2026-05-05 21:25:23,324 [INFO] gtfs_producer: cycle complete in 1.6s | vehicle=512 trips=596 alerts=1 dlq=0
2026-05-05 21:25:38,829 [INFO] gtfs_producer: cycle complete in 1.8s | vehicle=510 trips=594 alerts=1 dlq=0
2026-05-05 21:25:53,965 [INFO] gtfs_producer: cycle complete in 1.6s | vehicle=510 trips=594 alerts=1 dlq=0
2026-05-05 21:26:09,308 [INFO] gtfs_producer: cycle complete in 1.7s | vehicle=508 trips=592 alerts=1 dlq=0
2026-05-05 21:26:24,636 [INFO] gtfs_producer: cycle complete in 1.8s | vehicle=508 trips=598 alerts=1 dlq=0
2026-05-05 21:26:39,633 [INFO] gtfs_producer: cycle complete in 1.6s | vehicle=505 trips=595 alerts=1 dlq=0
2026-05-05 21:26:54,885 [INFO] gtfs_producer: cycle complete in 1.5s | vehicle=503 trips=592 alerts=1 dlq=0
2026-05-05 21:27:10,117 [INFO] gtfs_producer: cycle complete in 1.5s | vehicle=505 trips=594 alerts=1 dlq=0
2026-05-05 21:27:25,548 [INFO] gtfs_producer: cycle complete in 1.6s | vehicle=503 trips=588 alerts=1 dlq=0
2026-05-05 21:27:40,808 [INFO] gtfs_producer: cycle complete in 1.5s | vehicle=502 trips=590 alerts=1 dlq=0
2026-05-05 21:27:56,083 [INFO] gtfs_producer: cycle complete in 1.5s | vehicle=500 trips=587 alerts=1 dlq=0
2026-05-05 21:28:11,742 [INFO] gtfs_producer: cycle complete in 1.8s | vehicle=502 trips=588 alerts=1 dlq=0
2026-05-05 21:28:27,024 [INFO] gtfs_producer: cycle complete in 1.7s | vehicle=502 trips=588 alerts=1 dlq=0
2026-05-05 21:28:42,178 [INFO] gtfs_producer: cycle complete in 1.6s | vehicle=501 trips=587 alerts=1 dlq=0
2026-05-05 21:28:58,552 [INFO] gtfs_producer: cycle complete in 2.6s | vehicle=500 trips=586 alerts=1 dlq=0
2026-05-05 21:29:12,688 [INFO] gtfs_producer: cycle complete in 1.5s | vehicle=498 trips=583 alerts=1 dlq=0
2026-05-05 21:29:27,983 [INFO] gtfs_producer: cycle complete in 1.5s | vehicle=497 trips=581 alerts=1 dlq=0
2026-05-05 21:29:43,518 [INFO] gtfs_producer: cycle complete in 1.8s | vehicle=497 trips=580 alerts=1 dlq=0
2026-05-05 21:29:59,832 [INFO] gtfs_producer: cycle complete in 2.2s | vehicle=499 trips=580 alerts=1 dlq=0
2026-05-05 21:30:15,027 [INFO] gtfs_producer: cycle complete in 1.8s | vehicle=500 trips=580 alerts=1 dlq=0
2026-05-05 21:30:32,647 [INFO] gtfs_producer: cycle complete in 3.7s | vehicle=500 trips=580 alerts=1 dlq=0
2026-05-05 21:30:46,230 [INFO] gtfs_producer: cycle complete in 1.7s | vehicle=499 trips=579 alerts=1 dlq=0
2026-05-05 21:31:02,976 [INFO] gtfs_producer: cycle complete in 2.6s | vehicle=499 trips=579 alerts=1 dlq=0
2026-05-05 21:31:17,652 [INFO] gtfs_producer: cycle complete in 1.6s | vehicle=494 trips=585 alerts=1 dlq=0
2026-05-05 21:31:33,681 [INFO] gtfs_producer: cycle complete in 1.8s | vehicle=493 trips=583 alerts=1 dlq=0
2026-05-05 21:31:49,311 [INFO] gtfs_producer: cycle complete in 1.5s | vehicle=492 trips=582 alerts=1 dlq=0
2026-05-05 21:32:05,233 [INFO] gtfs_producer: cycle complete in 1.6s | vehicle=491 trips=581 alerts=1 dlq=0
2026-05-05 21:32:21,227 [INFO] gtfs_producer: cycle complete in 1.9s | vehicle=492 trips=583 alerts=1 dlq=0
2026-05-05 21:32:36,969 [INFO] gtfs_producer: cycle complete in 1.8s | vehicle=492 trips=582 alerts=1 dlq=0
2026-05-05 21:32:52,734 [INFO] gtfs_producer: cycle complete in 1.8s | vehicle=493 trips=579 alerts=1 dlq=0
2026-05-05 21:33:08,741 [INFO] gtfs_producer: cycle complete in 2.1s | vehicle=493 trips=583 alerts=1 dlq=0
2026-05-05 21:33:24,380 [INFO] gtfs_producer: cycle complete in 1.9s | vehicle=495 trips=584 alerts=1 dlq=0
2026-05-05 21:33:41,321 [INFO] gtfs_producer: cycle complete in 3.0s | vehicle=494 trips=583 alerts=1 dlq=0
2026-05-05 21:33:55,720 [INFO] gtfs_producer: cycle complete in 1.6s | vehicle=494 trips=578 alerts=1 dlq=0
2026-05-05 21:34:11,625 [INFO] gtfs_producer: cycle complete in 1.7s | vehicle=494 trips=579 alerts=1 dlq=0
2026-05-05 21:34:27,194 [INFO] gtfs_producer: cycle complete in 1.5s | vehicle=494 trips=577 alerts=1 dlq=0
2026-05-05 21:34:43,163 [INFO] gtfs_producer: cycle complete in 1.7s | vehicle=497 trips=580 alerts=1 dlq=0
2026-05-05 21:34:58,779 [INFO] gtfs_producer: cycle complete in 1.4s | vehicle=499 trips=580 alerts=1 dlq=0
2026-05-05 21:35:14,788 [INFO] gtfs_producer: cycle complete in 1.6s | vehicle=501 trips=581 alerts=1 dlq=0
2026-05-05 21:35:30,386 [INFO] gtfs_producer: cycle complete in 1.5s | vehicle=496 trips=576 alerts=1 dlq=0
2026-05-05 21:35:46,572 [INFO] gtfs_producer: cycle complete in 1.7s | vehicle=496 trips=578 alerts=1 dlq=0
2026-05-05 21:36:03,224 [INFO] gtfs_producer: cycle complete in 2.5s | vehicle=496 trips=577 alerts=1 dlq=0
2026-05-05 21:36:18,034 [INFO] gtfs_producer: cycle complete in 1.5s | vehicle=498 trips=580 alerts=1 dlq=0
2026-05-05 21:36:34,309 [INFO] gtfs_producer: cycle complete in 1.8s | vehicle=496 trips=578 alerts=1 dlq=0
2026-05-05 21:36:50,018 [INFO] gtfs_producer: cycle complete in 1.7s | vehicle=494 trips=576 alerts=1 dlq=0
2026-05-05 21:37:07,141 [INFO] gtfs_producer: cycle complete in 2.9s | vehicle=495 trips=576 alerts=1 dlq=0
2026-05-05 21:37:21,777 [INFO] gtfs_producer: cycle complete in 1.7s | vehicle=494 trips=575 alerts=1 dlq=0
2026-05-05 21:37:37,679 [INFO] gtfs_producer: cycle complete in 1.7s | vehicle=493 trips=576 alerts=1 dlq=0
2026-05-05 21:37:53,467 [INFO] gtfs_producer: cycle complete in 1.6s | vehicle=492 trips=574 alerts=1 dlq=0
2026-05-05 21:38:09,690 [INFO] gtfs_producer: cycle complete in 1.9s | vehicle=492 trips=572 alerts=1 dlq=0
2026-05-05 21:38:25,745 [INFO] gtfs_producer: cycle complete in 2.2s | vehicle=494 trips=571 alerts=1 dlq=0
2026-05-05 21:38:40,896 [INFO] gtfs_producer: cycle complete in 1.7s | vehicle=490 trips=567 alerts=1 dlq=0
2026-05-05 21:38:56,048 [INFO] gtfs_producer: cycle complete in 1.6s | vehicle=489 trips=565 alerts=1 dlq=0
2026-05-05 21:39:11,628 [INFO] gtfs_producer: cycle complete in 1.9s | vehicle=491 trips=565 alerts=1 dlq=0
2026-05-05 21:39:26,819 [INFO] gtfs_producer: cycle complete in 1.8s | vehicle=489 trips=561 alerts=1 dlq=0
2026-05-05 21:39:41,832 [INFO] gtfs_producer: cycle complete in 1.5s | vehicle=488 trips=559 alerts=1 dlq=0
2026-05-05 21:39:57,330 [INFO] gtfs_producer: cycle complete in 1.7s | vehicle=487 trips=559 alerts=1 dlq=0
2026-05-05 21:40:12,712 [INFO] gtfs_producer: cycle complete in 1.7s | vehicle=486 trips=557 alerts=1 dlq=0
2026-05-05 21:40:28,182 [INFO] gtfs_producer: cycle complete in 1.8s | vehicle=484 trips=555 alerts=1 dlq=0
2026-05-05 21:40:43,228 [INFO] gtfs_producer: cycle complete in 1.6s | vehicle=482 trips=553 alerts=1 dlq=0
2026-05-05 21:40:59,119 [INFO] gtfs_producer: cycle complete in 2.2s | vehicle=482 trips=553 alerts=1 dlq=0
2026-05-05 21:41:13,777 [INFO] gtfs_producer: cycle complete in 1.6s | vehicle=484 trips=566 alerts=1 dlq=0
2026-05-05 21:41:29,018 [INFO] gtfs_producer: cycle complete in 1.6s | vehicle=482 trips=564 alerts=1 dlq=0
2026-05-05 21:41:44,311 [INFO] gtfs_producer: cycle complete in 1.6s | vehicle=483 trips=565 alerts=1 dlq=0
2026-05-05 21:41:59,540 [INFO] gtfs_producer: cycle complete in 1.5s | vehicle=485 trips=565 alerts=1 dlq=0
2026-05-05 21:42:14,949 [INFO] gtfs_producer: cycle complete in 1.6s | vehicle=483 trips=564 alerts=1 dlq=0
2026-05-05 21:42:30,612 [INFO] gtfs_producer: cycle complete in 1.9s | vehicle=481 trips=562 alerts=1 dlq=0
2026-05-05 21:42:45,498 [INFO] gtfs_producer: cycle complete in 1.6s | vehicle=481 trips=562 alerts=1 dlq=0
2026-05-05 21:43:00,850 [INFO] gtfs_producer: cycle complete in 1.6s | vehicle=480 trips=560 alerts=1 dlq=0
2026-05-05 21:43:15,967 [INFO] gtfs_producer: cycle complete in 1.5s | vehicle=481 trips=562 alerts=1 dlq=0
2026-05-05 21:43:31,912 [INFO] gtfs_producer: cycle complete in 2.1s | vehicle=478 trips=558 alerts=1 dlq=0
2026-05-05 21:43:46,571 [INFO] gtfs_producer: cycle complete in 1.5s | vehicle=477 trips=557 alerts=1 dlq=0
2026-05-05 21:44:02,377 [INFO] gtfs_producer: cycle complete in 2.1s | vehicle=474 trips=554 alerts=1 dlq=0
2026-05-05 21:44:17,217 [INFO] gtfs_producer: cycle complete in 1.6s | vehicle=475 trips=553 alerts=1 dlq=0
2026-05-05 21:44:32,459 [INFO] gtfs_producer: cycle complete in 1.5s | vehicle=474 trips=552 alerts=1 dlq=0
2026-05-05 21:44:47,753 [INFO] gtfs_producer: cycle complete in 1.4s | vehicle=472 trips=552 alerts=1 dlq=0
2026-05-05 21:45:03,607 [INFO] gtfs_producer: cycle complete in 1.9s | vehicle=469 trips=549 alerts=1 dlq=0
2026-05-05 21:45:19,062 [INFO] gtfs_producer: cycle complete in 1.4s | vehicle=468 trips=549 alerts=1 dlq=0
2026-05-05 21:45:35,096 [INFO] gtfs_producer: cycle complete in 1.6s | vehicle=469 trips=548 alerts=1 dlq=0
2026-05-05 21:45:51,107 [INFO] gtfs_producer: cycle complete in 1.7s | vehicle=470 trips=548 alerts=1 dlq=0
2026-05-05 21:46:06,989 [INFO] gtfs_producer: cycle complete in 1.6s | vehicle=471 trips=547 alerts=1 dlq=0
2026-05-05 21:46:22,858 [INFO] gtfs_producer: cycle complete in 1.6s | vehicle=471 trips=553 alerts=1 dlq=0
2026-05-05 21:46:38,691 [INFO] gtfs_producer: cycle complete in 1.6s | vehicle=469 trips=550 alerts=1 dlq=0
2026-05-05 21:46:54,604 [INFO] gtfs_producer: cycle complete in 1.7s | vehicle=470 trips=550 alerts=1 dlq=0
2026-05-05 21:47:10,282 [INFO] gtfs_producer: cycle complete in 1.5s | vehicle=469 trips=552 alerts=1 dlq=0
2026-05-05 21:47:26,820 [INFO] gtfs_producer: cycle complete in 2.1s | vehicle=469 trips=551 alerts=1 dlq=0
2026-05-05 21:47:42,365 [INFO] gtfs_producer: cycle complete in 1.9s | vehicle=468 trips=550 alerts=1 dlq=0
2026-05-05 21:47:58,116 [INFO] gtfs_producer: cycle complete in 1.7s | vehicle=468 trips=549 alerts=1 dlq=0
2026-05-05 21:48:14,301 [INFO] gtfs_producer: cycle complete in 2.0s | vehicle=469 trips=547 alerts=1 dlq=0
2026-05-05 21:48:29,951 [INFO] gtfs_producer: cycle complete in 1.7s | vehicle=470 trips=548 alerts=1 dlq=0
2026-05-05 21:48:46,051 [INFO] gtfs_producer: cycle complete in 2.0s | vehicle=470 trips=548 alerts=1 dlq=0
2026-05-05 21:49:02,210 [INFO] gtfs_producer: cycle complete in 2.2s | vehicle=470 trips=546 alerts=1 dlq=0
2026-05-05 21:49:17,606 [INFO] gtfs_producer: cycle complete in 1.6s | vehicle=470 trips=545 alerts=1 dlq=0
2026-05-05 21:49:36,926 [INFO] gtfs_producer: cycle complete in 5.2s | vehicle=470 trips=544 alerts=1 dlq=0
2026-05-05 21:49:48,922 [INFO] gtfs_producer: cycle complete in 1.8s | vehicle=470 trips=544 alerts=1 dlq=0
2026-05-05 21:50:03,997 [INFO] gtfs_producer: cycle complete in 1.5s | vehicle=468 trips=542 alerts=1 dlq=0
2026-05-05 21:50:19,493 [INFO] gtfs_producer: cycle complete in 1.5s | vehicle=467 trips=540 alerts=1 dlq=0
2026-05-05 21:50:34,948 [INFO] gtfs_producer: cycle complete in 1.6s | vehicle=464 trips=537 alerts=1 dlq=0
2026-05-05 21:50:50,084 [INFO] gtfs_producer: cycle complete in 1.4s | vehicle=465 trips=539 alerts=1 dlq=0
2026-05-05 21:51:05,488 [INFO] gtfs_producer: cycle complete in 1.5s | vehicle=463 trips=537 alerts=1 dlq=0
2026-05-05 21:51:21,048 [INFO] gtfs_producer: cycle complete in 1.8s | vehicle=462 trips=546 alerts=1 dlq=0
2026-05-05 21:51:36,614 [INFO] gtfs_producer: cycle complete in 1.9s | vehicle=462 trips=545 alerts=1 dlq=0
2026-05-05 21:51:51,901 [INFO] gtfs_producer: cycle complete in 1.9s | vehicle=462 trips=544 alerts=1 dlq=0
2026-05-05 21:52:06,787 [INFO] gtfs_producer: cycle complete in 1.4s | vehicle=460 trips=542 alerts=1 dlq=0
2026-05-05 21:52:22,347 [INFO] gtfs_producer: cycle complete in 1.5s | vehicle=459 trips=542 alerts=1 dlq=0
2026-05-05 21:52:37,564 [INFO] gtfs_producer: cycle complete in 1.5s | vehicle=459 trips=542 alerts=1 dlq=0
2026-05-05 21:52:52,944 [INFO] gtfs_producer: cycle complete in 1.5s | vehicle=457 trips=538 alerts=1 dlq=0
2026-05-05 21:53:08,147 [INFO] gtfs_producer: cycle complete in 1.4s | vehicle=456 trips=537 alerts=1 dlq=0
2026-05-05 21:53:24,707 [INFO] gtfs_producer: cycle complete in 2.6s | vehicle=459 trips=540 alerts=1 dlq=0
2026-05-05 21:53:40,894 [INFO] gtfs_producer: cycle complete in 3.5s | vehicle=459 trips=540 alerts=1 dlq=0
2026-05-05 21:53:54,262 [INFO] gtfs_producer: cycle complete in 1.5s | vehicle=458 trips=537 alerts=1 dlq=0
2026-05-05 21:54:09,653 [INFO] gtfs_producer: cycle complete in 1.5s | vehicle=457 trips=536 alerts=1 dlq=0
2026-05-05 21:54:25,058 [INFO] gtfs_producer: cycle complete in 1.5s | vehicle=456 trips=535 alerts=1 dlq=0
2026-05-05 21:54:40,577 [INFO] gtfs_producer: cycle complete in 1.6s | vehicle=455 trips=533 alerts=1 dlq=0
2026-05-05 21:54:55,955 [INFO] gtfs_producer: cycle complete in 1.6s | vehicle=453 trips=530 alerts=1 dlq=0
2026-05-05 21:55:11,369 [INFO] gtfs_producer: cycle complete in 1.6s | vehicle=452 trips=528 alerts=1 dlq=0
2026-05-05 21:55:26,682 [INFO] gtfs_producer: cycle complete in 1.5s | vehicle=452 trips=528 alerts=1 dlq=0
2026-05-05 21:55:42,079 [INFO] gtfs_producer: cycle complete in 1.5s | vehicle=454 trips=529 alerts=1 dlq=0
2026-05-05 21:55:57,595 [INFO] gtfs_producer: cycle complete in 1.6s | vehicle=454 trips=527 alerts=1 dlq=0
2026-05-05 21:56:13,076 [INFO] gtfs_producer: cycle complete in 1.6s | vehicle=456 trips=535 alerts=1 dlq=0
2026-05-05 21:56:28,468 [INFO] gtfs_producer: cycle complete in 1.6s | vehicle=453 trips=532 alerts=1 dlq=0
2026-05-05 21:56:45,862 [INFO] gtfs_producer: cycle complete in 3.6s | vehicle=454 trips=532 alerts=1 dlq=0
2026-05-05 21:56:59,019 [INFO] gtfs_producer: cycle complete in 1.6s | vehicle=453 trips=530 alerts=1 dlq=0
2026-05-05 21:57:14,235 [INFO] gtfs_producer: cycle complete in 1.4s | vehicle=452 trips=530 alerts=1 dlq=0
2026-05-05 21:57:29,652 [INFO] gtfs_producer: cycle complete in 1.5s | vehicle=450 trips=528 alerts=1 dlq=0
2026-05-05 21:57:44,884 [INFO] gtfs_producer: cycle complete in 1.4s | vehicle=450 trips=528 alerts=1 dlq=0
2026-05-05 21:58:01,055 [INFO] gtfs_producer: cycle complete in 2.0s | vehicle=448 trips=526 alerts=1 dlq=0
